../Core/Src/mpu6050.h:19:6:MPU6050_Init	32	static
../Core/Src/mpu6050.h:41:6:MPU6050_Read_Accel	32	static
../Core/Src/functions.h:4:6:int_to_hex	16	static
../Core/Src/functions.h:12:6:i2c_clock_speed	16	static
../Core/Src/main.c:80:5:main	16	static
../Core/Src/main.c:187:6:SystemClock_Config	88	static
../Core/Src/main.c:229:13:MX_I2C1_Init	8	static
../Core/Src/main.c:263:13:MX_USART1_UART_Init	8	static
../Core/Src/main.c:296:13:MX_GPIO_Init	40	static
../Core/Src/main.c:323:5:__io_putchar	16	static
../Core/Src/main.c:329:5:__io_getchar	4	static
../Core/Src/main.c:333:6:USART1_IRQHandler	8	static
../Core/Src/main.c:343:6:Error_Handler	4	static,ignoring_inline_asm
